// Vitest Snapshot v1, https://vitest.dev/guide/snapshot.html

exports[`Pruebas en <SearchPage /> > debe de mostrarse correctamente con valores por defecto 1`] = `
<div>
  <h1>
    Search
  </h1>
  <hr />
  <div
    class="row"
  >
    <div
      class="col-5"
    >
      <h4>
        Searching
      </h4>
      <hr />
      <form
        aria-label="form"
      >
        <input
          autocomplete="off"
          class="form-control"
          name="searchText"
          placeholder="Search a hero"
          type="text"
          value=""
        />
        <button
          class="btn btn-outline-primary mt-1"
        >
          Search
        </button>
      </form>
    </div>
    <div
      class="col-7"
    >
      <h4>
        Results
      </h4>
      <hr />
      <div
        aria-label="input-empty"
        class="alert alert-primary animate__animated animate__fadeInLeft"
      >
        Search a hero
      </div>
      <div
        aria-label="input-not-found"
        class="alert alert-danger animate__animated animate__fadeInLeft"
        style="display: none;"
      >
        No hero with 
        <b />
      </div>
    </div>
  </div>
</div>
`;
